=== contract_fit Profiling ===
zipup init:        4.820756628s
canonicalize:      0ns
sweeps total:      1.933624798s
steps:             30
sweeps:            1
env get:           6.519694573s (requests=95, hits=53, misses=42)
env leaf compute:  873.018µs
env node compute:  1.002062684s
2-site contract:   851.863274ms
left_inds:         42.605µs
factorize:         62.921507ms
replace/update:    226.438µs
invalidate:        3.713503ms
=== contract_fit Profiling ===
zipup init:        1.2620822s
canonicalize:      0ns
sweeps total:      1.227799472s
steps:             30
sweeps:            1
env get:           2.370366s (requests=95, hits=53, misses=42)
env leaf compute:  614.048µs
env node compute:  509.29151ms
2-site contract:   654.220886ms
left_inds:         37.421µs
factorize:         51.898389ms
replace/update:    205.26µs
invalidate:        150.62µs
=== fit_sum Profiling ===
zipup init:        0ns
canonicalize:      5.132781ms
sweeps total:      58.863043ms
steps:             30
sweeps:            1
env get:           0ns (requests=0, hits=0, misses=0)
env leaf compute:  0ns
env node compute:  0ns
2-site contract:   10.937393ms
left_inds:         28.152µs
factorize:         38.929776ms
replace/update:    155.98µs
invalidate:        98.954µs
